// Jest Snapshot v1, https://goo.gl/fbAQLP

exports[`Should Reviews render correctly 1`] = `
<div
  className="movie-card__reviews movie-card__row"
>
  <div
    className="movie-card__reviews-col"
  >
    <div
      className="review"
    >
      <blockquote
        className="review__quote"
      >
        <p
          className="review__text"
        >
          Some text
        </p>
        <footer
          className="review__details"
        >
          <cite
            className="review__author"
          >
            Author Name
          </cite>
          <time
            className="review__date"
            dateTime="2020-10-19"
          >
            November 19, 2020
          </time>
        </footer>
      </blockquote>
      <div
        className="review__rating"
      >
        10
      </div>
    </div>
    <div
      className="review"
    >
      <blockquote
        className="review__quote"
      >
        <p
          className="review__text"
        >
          Some text
        </p>
        <footer
          className="review__details"
        >
          <cite
            className="review__author"
          >
            Author Name
          </cite>
          <time
            className="review__date"
            dateTime="2020-10-19"
          >
            November 19, 2020
          </time>
        </footer>
      </blockquote>
      <div
        className="review__rating"
      >
        10
      </div>
    </div>
    <div
      className="review"
    >
      <blockquote
        className="review__quote"
      >
        <p
          className="review__text"
        >
          Some text
        </p>
        <footer
          className="review__details"
        >
          <cite
            className="review__author"
          >
            Author Name
          </cite>
          <time
            className="review__date"
            dateTime="2020-10-19"
          >
            November 19, 2020
          </time>
        </footer>
      </blockquote>
      <div
        className="review__rating"
      >
        10
      </div>
    </div>
    <div
      className="review"
    >
      <blockquote
        className="review__quote"
      >
        <p
          className="review__text"
        >
          Some text
        </p>
        <footer
          className="review__details"
        >
          <cite
            className="review__author"
          >
            Author Name
          </cite>
          <time
            className="review__date"
            dateTime="2020-10-19"
          >
            November 19, 2020
          </time>
        </footer>
      </blockquote>
      <div
        className="review__rating"
      >
        10
      </div>
    </div>
    <div
      className="review"
    >
      <blockquote
        className="review__quote"
      >
        <p
          className="review__text"
        >
          Some text
        </p>
        <footer
          className="review__details"
        >
          <cite
            className="review__author"
          >
            Author Name
          </cite>
          <time
            className="review__date"
            dateTime="2020-10-19"
          >
            November 19, 2020
          </time>
        </footer>
      </blockquote>
      <div
        className="review__rating"
      >
        10
      </div>
    </div>
    <div
      className="review"
    >
      <blockquote
        className="review__quote"
      >
        <p
          className="review__text"
        >
          Some text
        </p>
        <footer
          className="review__details"
        >
          <cite
            className="review__author"
          >
            Author Name
          </cite>
          <time
            className="review__date"
            dateTime="2020-10-19"
          >
            November 19, 2020
          </time>
        </footer>
      </blockquote>
      <div
        className="review__rating"
      >
        10
      </div>
    </div>
    <div
      className="review"
    >
      <blockquote
        className="review__quote"
      >
        <p
          className="review__text"
        >
          Some text
        </p>
        <footer
          className="review__details"
        >
          <cite
            className="review__author"
          >
            Author Name
          </cite>
          <time
            className="review__date"
            dateTime="2020-10-19"
          >
            November 19, 2020
          </time>
        </footer>
      </blockquote>
      <div
        className="review__rating"
      >
        10
      </div>
    </div>
    <div
      className="review"
    >
      <blockquote
        className="review__quote"
      >
        <p
          className="review__text"
        >
          Some text
        </p>
        <footer
          className="review__details"
        >
          <cite
            className="review__author"
          >
            Author Name
          </cite>
          <time
            className="review__date"
            dateTime="2020-10-19"
          >
            November 19, 2020
          </time>
        </footer>
      </blockquote>
      <div
        className="review__rating"
      >
        10
      </div>
    </div>
    <div
      className="review"
    >
      <blockquote
        className="review__quote"
      >
        <p
          className="review__text"
        >
          Some text
        </p>
        <footer
          className="review__details"
        >
          <cite
            className="review__author"
          >
            Author Name
          </cite>
          <time
            className="review__date"
            dateTime="2020-10-19"
          >
            November 19, 2020
          </time>
        </footer>
      </blockquote>
      <div
        className="review__rating"
      >
        10
      </div>
    </div>
    <div
      className="review"
    >
      <blockquote
        className="review__quote"
      >
        <p
          className="review__text"
        >
          Some text
        </p>
        <footer
          className="review__details"
        >
          <cite
            className="review__author"
          >
            Author Name
          </cite>
          <time
            className="review__date"
            dateTime="2020-10-19"
          >
            November 19, 2020
          </time>
        </footer>
      </blockquote>
      <div
        className="review__rating"
      >
        10
      </div>
    </div>
  </div>
</div>
`;
