// Jest Snapshot v1, https://goo.gl/fbAQLP

exports[`Should SmallVideoPlayer render correctly 1`] = `
<article
  className="small-movie-card catalog__movies-card"
  id={0}
>
  <a
    className="small-movie-card__image"
    href="/films/0"
    onClick={[Function]}
  >
    <video
      autoPlay={false}
      className="small-movie-card__image"
      muted={true}
      onMouseOut={[Function]}
      poster="/img/bg-the-grand-budapest-hotel.jpg"
    >
      <source
        src="https://download.blender.org/durian/trailer/sintel_trailer-480p.mp4"
        type="video/mp4"
        width={480}
      />
    </video>
  </a>
</article>
`;
