// Jest Snapshot v1, https://goo.gl/fbAQLP

exports[`Render PlayerScreen Should PlayerScreen connected to store render correctly 1`] = `
<div
  className="player"
>
  <video
    autoPlay={true}
    className="player__video"
    onCanPlay={[Function]}
    onClick={[Function]}
    onTimeUpdate={[Function]}
    poster="/img/bg-the-grand-budapest-hotel.jpg"
    src="https://download.blender.org/durian/trailer/sintel_trailer-480p.mp4"
  />
  <a
    className="player__exit"
    href="/"
    onClick={[Function]}
    style={
      Object {
        "textDecoration": "none",
      }
    }
    type="button"
  >
    Exit
  </a>
  <div
    className="player__controls"
  >
    <div
      className="player__controls-row"
    >
      <div
        className="player__time"
      >
        <progress
          className="player__progress"
          max="100"
          value={0}
        />
        <div
          className="player__toggler"
          style={
            Object {
              "left": "0%",
            }
          }
        >
          Toggler
        </div>
      </div>
      <div
        className="player__time-value"
      >
        0:2:26
      </div>
    </div>
    <div
      className="player__controls-row"
    >
      <button
        className="player__play"
        onClick={[Function]}
        type="button"
      >
        <svg
          height="21"
          viewBox="0 0 14 21"
          width="14"
        >
          <use
            xlinkHref="#pause"
          />
        </svg>
        <span>
          Pause
        </span>
      </button>
      <div
        className="player__name"
      >
        The Grand Budapest
      </div>
      <button
        className="player__full-screen"
        onClick={[Function]}
        type="button"
      >
        <svg
          height="27"
          viewBox="0 0 27 27"
          width="27"
        >
          <use
            xlinkHref="#full-screen"
          />
        </svg>
        <span>
          Full screen
        </span>
      </button>
    </div>
  </div>
</div>
`;
