// Jest Snapshot v1, https://goo.gl/fbAQLP

exports[`Render MyListScreen Should MyListScreen connected to store render correctly 1`] = `
Array [
  <div
    className="user-page"
  >
    <header
      className="page-header user-page__head"
    >
      <div
        className="logo"
      >
        <a
          className="logo__link"
          href="/"
          onClick={[Function]}
        >
          <span
            className="logo__letter logo__letter--1"
          >
            W
          </span>
          <span
            className="logo__letter logo__letter--2"
          >
            T
          </span>
          <span
            className="logo__letter logo__letter--3"
          >
            W
          </span>
        </a>
      </div>
      <h1
        className="page-title user-page__title"
      >
        My list
      </h1>
      <div
        className="user-block"
      >
        <div
          className="user-block__avatar"
        >
          <a
            href="/myList"
            onClick={[Function]}
          >
            <img
              alt="User avatar"
              height="63"
              src=""
              width="63"
            />
          </a>
        </div>
      </div>
    </header>
    <section
      className="catalog"
    >
      <h2
        className="catalog__title visually-hidden"
      >
        Catalog
      </h2>
      <div
        className="catalog__movies-list"
      >
        <article
          className="small-movie-card catalog__movies-card"
          id={0}
          onMouseOut={[Function]}
          onMouseOver={[Function]}
        >
          <div
            className="small-movie-card__image"
          >
            <a
              className="small-movie-card__image"
              href="/films/0"
              onClick={[Function]}
              style={
                Object {
                  "display": "block",
                  "zIndex": 4,
                }
              }
            >
              <img
                alt="The Grand Budapest"
                height="175"
                src="/img/bg-the-grand-budapest-hotel.jpg"
                width="280"
              />
            </a>
          </div>
          <h3
            className="small-movie-card__title"
          >
            <a
              className="small-movie-card__link"
              href="/films/0"
              onClick={[Function]}
            >
              The Grand Budapest
            </a>
          </h3>
        </article>
      </div>
    </section>
    <footer
      className="page-footer"
    >
      <div
        className="logo"
      >
        <a
          className="logo__link logo__link--light"
          href="/"
          onClick={[Function]}
        >
          <span
            className="logo__letter logo__letter--1"
          >
            W
          </span>
          <span
            className="logo__letter logo__letter--2"
          >
            T
          </span>
          <span
            className="logo__letter logo__letter--3"
          >
            W
          </span>
        </a>
      </div>
      <div
        className="copyright"
      >
        <p>
          Â© 2019 What to watch Ltd.
        </p>
      </div>
    </footer>
  </div>,
  ")",
]
`;
