// Jest Snapshot v1, https://goo.gl/fbAQLP

exports[`Should UserBlock render correctly on unauthorisation 1`] = `
<div
  className="user-block"
>
  <a
    className="user-block__link"
    href="/login"
    onClick={[Function]}
  >
    Sign in
  </a>
</div>
`;
