// Jest Snapshot v1, https://goo.gl/fbAQLP

exports[`Should Error render correctly 1`] = `
<div>
  Сервер не доступен
</div>
`;
