// Jest Snapshot v1, https://goo.gl/fbAQLP

exports[`withShowMoreCount is rendered correctly 1`] = `<div />`;
