// Jest Snapshot v1, https://goo.gl/fbAQLP

exports[`Should NavItem render correctly 1`] = `
<li
  className="movie-nav__item "
>
  <a
    className="movie-nav__link"
    href="#"
    onClick={[Function]}
  >
    Overview
  </a>
</li>
`;
