// Jest Snapshot v1, https://goo.gl/fbAQLP

exports[`Should RatingStars unactive render correctly 1`] = `
<div
  className="rating__stars"
>
  <input
    checked={false}
    className="rating__input"
    id="star-0"
    name="rating"
    onChange={[Function]}
    required={true}
    type="radio"
    value={1}
  />
  <label
    className="rating__label"
    htmlFor="star-0"
  >
    Rating 
    1
  </label>
  <input
    checked={false}
    className="rating__input"
    id="star-1"
    name="rating"
    onChange={[Function]}
    required={true}
    type="radio"
    value={2}
  />
  <label
    className="rating__label"
    htmlFor="star-1"
  >
    Rating 
    2
  </label>
  <input
    checked={false}
    className="rating__input"
    id="star-2"
    name="rating"
    onChange={[Function]}
    required={true}
    type="radio"
    value={3}
  />
  <label
    className="rating__label"
    htmlFor="star-2"
  >
    Rating 
    3
  </label>
  <input
    checked={false}
    className="rating__input"
    id="star-3"
    name="rating"
    onChange={[Function]}
    required={true}
    type="radio"
    value={4}
  />
  <label
    className="rating__label"
    htmlFor="star-3"
  >
    Rating 
    4
  </label>
  <input
    checked={false}
    className="rating__input"
    id="star-4"
    name="rating"
    onChange={[Function]}
    required={true}
    type="radio"
    value={5}
  />
  <label
    className="rating__label"
    htmlFor="star-4"
  >
    Rating 
    5
  </label>
</div>
`;
